// Jest Snapshot v1, https://goo.gl/fbAQLP

exports[`GenerateTeamRoster matches snapshot 1`] = `
ShallowWrapper {
  Symbol(enzyme.__root__): [Circular],
  Symbol(enzyme.__unrendered__): <GenerateTeamRoster
    addTeamRoster={[Function]}
/>,
  Symbol(enzyme.__renderer__): Object {
    "batchedUpdates": [Function],
    "getNode": [Function],
    "render": [Function],
    "simulateEvent": [Function],
    "unmount": [Function],
  },
  Symbol(enzyme.__node__): Object {
    "instance": null,
    "key": undefined,
    "nodeType": "host",
    "props": Object {
      "children": Array [
        <input
          id="team-name"
          onChange={[Function]}
          placeholder="Team Name"
          required={true}
          value=""
/>,
        <button
          className="generate__submit-roster"
          onClick={[Function]}
>
          Submit Team Roster
</button>,
        <p
          className="generate__error-message"
/>,
        <div
          className="generate__container"
>
          <AddRobot
                    addRobotToTeam={[Function]}
          />
          <Roster
                    team={
                              Object {
                                        "error": "",
                                        "starters": Array [],
                                        "subs": Array [],
                                        "teamName": "",
                                      }
                    }
                    updateName={[Function]}
          />
</div>,
      ],
      "className": "GenerateTeamRoster",
    },
    "ref": null,
    "rendered": Array [
      Object {
        "instance": null,
        "key": undefined,
        "nodeType": "host",
        "props": Object {
          "id": "team-name",
          "onChange": [Function],
          "placeholder": "Team Name",
          "required": true,
          "value": "",
        },
        "ref": null,
        "rendered": null,
        "type": "input",
      },
      Object {
        "instance": null,
        "key": undefined,
        "nodeType": "host",
        "props": Object {
          "children": "Submit Team Roster",
          "className": "generate__submit-roster",
          "onClick": [Function],
        },
        "ref": null,
        "rendered": "Submit Team Roster",
        "type": "button",
      },
      Object {
        "instance": null,
        "key": undefined,
        "nodeType": "host",
        "props": Object {
          "children": "",
          "className": "generate__error-message",
        },
        "ref": null,
        "rendered": "",
        "type": "p",
      },
      Object {
        "instance": null,
        "key": undefined,
        "nodeType": "host",
        "props": Object {
          "children": Array [
            <AddRobot
              addRobotToTeam={[Function]}
/>,
            <Roster
              team={
                            Object {
                                          "error": "",
                                          "starters": Array [],
                                          "subs": Array [],
                                          "teamName": "",
                                        }
              }
              updateName={[Function]}
/>,
          ],
          "className": "generate__container",
        },
        "ref": null,
        "rendered": Array [
          Object {
            "instance": null,
            "key": undefined,
            "nodeType": "class",
            "props": Object {
              "addRobotToTeam": [Function],
            },
            "ref": null,
            "rendered": null,
            "type": [Function],
          },
          Object {
            "instance": null,
            "key": undefined,
            "nodeType": "function",
            "props": Object {
              "team": Object {
                "error": "",
                "starters": Array [],
                "subs": Array [],
                "teamName": "",
              },
              "updateName": [Function],
            },
            "ref": null,
            "rendered": null,
            "type": [Function],
          },
        ],
        "type": "div",
      },
    ],
    "type": "div",
  },
  Symbol(enzyme.__nodes__): Array [
    Object {
      "instance": null,
      "key": undefined,
      "nodeType": "host",
      "props": Object {
        "children": Array [
          <input
            id="team-name"
            onChange={[Function]}
            placeholder="Team Name"
            required={true}
            value=""
/>,
          <button
            className="generate__submit-roster"
            onClick={[Function]}
>
            Submit Team Roster
</button>,
          <p
            className="generate__error-message"
/>,
          <div
            className="generate__container"
>
            <AddRobot
                        addRobotToTeam={[Function]}
            />
            <Roster
                        team={
                                    Object {
                                                "error": "",
                                                "starters": Array [],
                                                "subs": Array [],
                                                "teamName": "",
                                              }
                        }
                        updateName={[Function]}
            />
</div>,
        ],
        "className": "GenerateTeamRoster",
      },
      "ref": null,
      "rendered": Array [
        Object {
          "instance": null,
          "key": undefined,
          "nodeType": "host",
          "props": Object {
            "id": "team-name",
            "onChange": [Function],
            "placeholder": "Team Name",
            "required": true,
            "value": "",
          },
          "ref": null,
          "rendered": null,
          "type": "input",
        },
        Object {
          "instance": null,
          "key": undefined,
          "nodeType": "host",
          "props": Object {
            "children": "Submit Team Roster",
            "className": "generate__submit-roster",
            "onClick": [Function],
          },
          "ref": null,
          "rendered": "Submit Team Roster",
          "type": "button",
        },
        Object {
          "instance": null,
          "key": undefined,
          "nodeType": "host",
          "props": Object {
            "children": "",
            "className": "generate__error-message",
          },
          "ref": null,
          "rendered": "",
          "type": "p",
        },
        Object {
          "instance": null,
          "key": undefined,
          "nodeType": "host",
          "props": Object {
            "children": Array [
              <AddRobot
                addRobotToTeam={[Function]}
/>,
              <Roster
                team={
                                Object {
                                                "error": "",
                                                "starters": Array [],
                                                "subs": Array [],
                                                "teamName": "",
                                              }
                }
                updateName={[Function]}
/>,
            ],
            "className": "generate__container",
          },
          "ref": null,
          "rendered": Array [
            Object {
              "instance": null,
              "key": undefined,
              "nodeType": "class",
              "props": Object {
                "addRobotToTeam": [Function],
              },
              "ref": null,
              "rendered": null,
              "type": [Function],
            },
            Object {
              "instance": null,
              "key": undefined,
              "nodeType": "function",
              "props": Object {
                "team": Object {
                  "error": "",
                  "starters": Array [],
                  "subs": Array [],
                  "teamName": "",
                },
                "updateName": [Function],
              },
              "ref": null,
              "rendered": null,
              "type": [Function],
            },
          ],
          "type": "div",
        },
      ],
      "type": "div",
    },
  ],
  Symbol(enzyme.__options__): Object {
    "adapter": ReactSixteenAdapter {
      "options": Object {
        "enableComponentDidUpdateOnSetState": true,
        "lifecycles": Object {
          "componentDidUpdate": Object {
            "onSetState": true,
          },
          "getSnapshotBeforeUpdate": true,
        },
      },
    },
    "attachTo": undefined,
    "hydrateIn": undefined,
  },
}
`;
