// Jest Snapshot v1, https://goo.gl/fbAQLP

exports[`GenerateTeamRoster matches snapshot 1`] = `
ShallowWrapper {
  Symbol(enzyme.__root__): [Circular],
  Symbol(enzyme.__unrendered__): <GenerateTeamRoster
    addTeamRoster={[Function]}
    teams={
        Array [
            Object {
              "error": "",
              "starters": Array [
                Object {
                  "agility": 4,
                  "firstName": "0Twikki",
                  "id": "ABC120",
                  "lastName": "0Rogers",
                  "speed": 2,
                  "strength": 3,
                  "totalAttrScore": 9,
                },
                Object {
                  "agility": 5,
                  "firstName": "1Twikki",
                  "id": "ABC121",
                  "lastName": "1Rogers",
                  "speed": 3,
                  "strength": 4,
                  "totalAttrScore": 10,
                },
                Object {
                  "agility": 6,
                  "firstName": "2Twikki",
                  "id": "ABC122",
                  "lastName": "2Rogers",
                  "speed": 4,
                  "strength": 5,
                  "totalAttrScore": 11,
                },
                Object {
                  "agility": 7,
                  "firstName": "3Twikki",
                  "id": "ABC123",
                  "lastName": "3Rogers",
                  "speed": 5,
                  "strength": 6,
                  "totalAttrScore": 12,
                },
                Object {
                  "agility": 8,
                  "firstName": "4Twikki",
                  "id": "ABC124",
                  "lastName": "4Rogers",
                  "speed": 6,
                  "strength": 7,
                  "totalAttrScore": 13,
                },
                Object {
                  "agility": 9,
                  "firstName": "5Twikki",
                  "id": "ABC125",
                  "lastName": "5Rogers",
                  "speed": 7,
                  "strength": 8,
                  "totalAttrScore": 14,
                },
                Object {
                  "agility": 10,
                  "firstName": "6Twikki",
                  "id": "ABC126",
                  "lastName": "6Rogers",
                  "speed": 8,
                  "strength": 9,
                  "totalAttrScore": 15,
                },
                Object {
                  "agility": 11,
                  "firstName": "7Twikki",
                  "id": "ABC127",
                  "lastName": "7Rogers",
                  "speed": 9,
                  "strength": 10,
                  "totalAttrScore": 16,
                },
                Object {
                  "agility": 12,
                  "firstName": "8Twikki",
                  "id": "ABC128",
                  "lastName": "8Rogers",
                  "speed": 10,
                  "strength": 11,
                  "totalAttrScore": 17,
                },
                Object {
                  "agility": 13,
                  "firstName": "9Twikki",
                  "id": "ABC129",
                  "lastName": "9Rogers",
                  "speed": 11,
                  "strength": 12,
                  "totalAttrScore": 18,
                },
              ],
              "subs": Array [
                Object {
                  "agility": 14,
                  "firstName": "0Kki",
                  "id": "DEF120",
                  "lastName": "0Gers",
                  "speed": 12,
                  "strength": 13,
                  "totalAttrScore": 39,
                },
                Object {
                  "agility": 15,
                  "firstName": "1Kki",
                  "id": "DEF121",
                  "lastName": "1Gers",
                  "speed": 13,
                  "strength": 14,
                  "totalAttrScore": 40,
                },
                Object {
                  "agility": 16,
                  "firstName": "2Kki",
                  "id": "DEF122",
                  "lastName": "2Gers",
                  "speed": 14,
                  "strength": 15,
                  "totalAttrScore": 41,
                },
                Object {
                  "agility": 17,
                  "firstName": "3Kki",
                  "id": "DEF123",
                  "lastName": "3Gers",
                  "speed": 15,
                  "strength": 16,
                  "totalAttrScore": 42,
                },
                Object {
                  "agility": 18,
                  "firstName": "4Kki",
                  "id": "DEF124",
                  "lastName": "4Gers",
                  "speed": 16,
                  "strength": 17,
                  "totalAttrScore": 43,
                },
              ],
              "teamName": "BuzzKillers",
            },
          ]
    }
/>,
  Symbol(enzyme.__renderer__): Object {
    "batchedUpdates": [Function],
    "getNode": [Function],
    "render": [Function],
    "simulateEvent": [Function],
    "unmount": [Function],
  },
  Symbol(enzyme.__node__): Object {
    "instance": null,
    "key": undefined,
    "nodeType": "host",
    "props": Object {
      "children": Array [
        <input
          id="team-name"
          onChange={[Function]}
          placeholder="Team Name"
          required={true}
          value=""
/>,
        <button
          className="generate__submit-roster"
          onClick={[Function]}
>
          Submit Team Roster
</button>,
        false,
        <div
          className="generate__container"
>
          <AddRobot
                    addRobotToTeam={[Function]}
          />
          <Roster
                    deleteRobot={[Function]}
                    inRosters={false}
                    team={
                              Object {
                                        "error": "",
                                        "starters": Array [],
                                        "subs": Array [],
                                        "teamName": "",
                                      }
                    }
                    updateName={[Function]}
          />
</div>,
      ],
      "className": "GenerateTeamRoster",
    },
    "ref": null,
    "rendered": Array [
      Object {
        "instance": null,
        "key": undefined,
        "nodeType": "host",
        "props": Object {
          "id": "team-name",
          "onChange": [Function],
          "placeholder": "Team Name",
          "required": true,
          "value": "",
        },
        "ref": null,
        "rendered": null,
        "type": "input",
      },
      Object {
        "instance": null,
        "key": undefined,
        "nodeType": "host",
        "props": Object {
          "children": "Submit Team Roster",
          "className": "generate__submit-roster",
          "onClick": [Function],
        },
        "ref": null,
        "rendered": "Submit Team Roster",
        "type": "button",
      },
      false,
      Object {
        "instance": null,
        "key": undefined,
        "nodeType": "host",
        "props": Object {
          "children": Array [
            <AddRobot
              addRobotToTeam={[Function]}
/>,
            <Roster
              deleteRobot={[Function]}
              inRosters={false}
              team={
                            Object {
                                          "error": "",
                                          "starters": Array [],
                                          "subs": Array [],
                                          "teamName": "",
                                        }
              }
              updateName={[Function]}
/>,
          ],
          "className": "generate__container",
        },
        "ref": null,
        "rendered": Array [
          Object {
            "instance": null,
            "key": undefined,
            "nodeType": "class",
            "props": Object {
              "addRobotToTeam": [Function],
            },
            "ref": null,
            "rendered": null,
            "type": [Function],
          },
          Object {
            "instance": null,
            "key": undefined,
            "nodeType": "function",
            "props": Object {
              "deleteRobot": [Function],
              "inRosters": false,
              "team": Object {
                "error": "",
                "starters": Array [],
                "subs": Array [],
                "teamName": "",
              },
              "updateName": [Function],
            },
            "ref": null,
            "rendered": null,
            "type": [Function],
          },
        ],
        "type": "div",
      },
    ],
    "type": "div",
  },
  Symbol(enzyme.__nodes__): Array [
    Object {
      "instance": null,
      "key": undefined,
      "nodeType": "host",
      "props": Object {
        "children": Array [
          <input
            id="team-name"
            onChange={[Function]}
            placeholder="Team Name"
            required={true}
            value=""
/>,
          <button
            className="generate__submit-roster"
            onClick={[Function]}
>
            Submit Team Roster
</button>,
          false,
          <div
            className="generate__container"
>
            <AddRobot
                        addRobotToTeam={[Function]}
            />
            <Roster
                        deleteRobot={[Function]}
                        inRosters={false}
                        team={
                                    Object {
                                                "error": "",
                                                "starters": Array [],
                                                "subs": Array [],
                                                "teamName": "",
                                              }
                        }
                        updateName={[Function]}
            />
</div>,
        ],
        "className": "GenerateTeamRoster",
      },
      "ref": null,
      "rendered": Array [
        Object {
          "instance": null,
          "key": undefined,
          "nodeType": "host",
          "props": Object {
            "id": "team-name",
            "onChange": [Function],
            "placeholder": "Team Name",
            "required": true,
            "value": "",
          },
          "ref": null,
          "rendered": null,
          "type": "input",
        },
        Object {
          "instance": null,
          "key": undefined,
          "nodeType": "host",
          "props": Object {
            "children": "Submit Team Roster",
            "className": "generate__submit-roster",
            "onClick": [Function],
          },
          "ref": null,
          "rendered": "Submit Team Roster",
          "type": "button",
        },
        false,
        Object {
          "instance": null,
          "key": undefined,
          "nodeType": "host",
          "props": Object {
            "children": Array [
              <AddRobot
                addRobotToTeam={[Function]}
/>,
              <Roster
                deleteRobot={[Function]}
                inRosters={false}
                team={
                                Object {
                                                "error": "",
                                                "starters": Array [],
                                                "subs": Array [],
                                                "teamName": "",
                                              }
                }
                updateName={[Function]}
/>,
            ],
            "className": "generate__container",
          },
          "ref": null,
          "rendered": Array [
            Object {
              "instance": null,
              "key": undefined,
              "nodeType": "class",
              "props": Object {
                "addRobotToTeam": [Function],
              },
              "ref": null,
              "rendered": null,
              "type": [Function],
            },
            Object {
              "instance": null,
              "key": undefined,
              "nodeType": "function",
              "props": Object {
                "deleteRobot": [Function],
                "inRosters": false,
                "team": Object {
                  "error": "",
                  "starters": Array [],
                  "subs": Array [],
                  "teamName": "",
                },
                "updateName": [Function],
              },
              "ref": null,
              "rendered": null,
              "type": [Function],
            },
          ],
          "type": "div",
        },
      ],
      "type": "div",
    },
  ],
  Symbol(enzyme.__options__): Object {
    "adapter": ReactSixteenAdapter {
      "options": Object {
        "enableComponentDidUpdateOnSetState": true,
        "lifecycles": Object {
          "componentDidUpdate": Object {
            "onSetState": true,
          },
          "getSnapshotBeforeUpdate": true,
        },
      },
    },
    "attachTo": undefined,
    "hydrateIn": undefined,
  },
}
`;
